// component: (top level)
// library: work
// files:
/root/i_DWC_pcie_ctl/src/DWC_pcie_ctl_cc_constants.svh
/root/i_DWC_pcie_ctl/src/include/pcie_defs.svh
/root/i_DWC_pcie_ctl/src/include/cxpl_defs.svh
/root/i_DWC_pcie_ctl/src/include/adm_defs.svh
/root/i_DWC_pcie_ctl/src/include/radm_defs.svh
/root/i_DWC_pcie_ctl/src/include/port_cfg.svh
/root/i_DWC_pcie_ctl/src/include/cap_port_cfg.svh
/root/i_DWC_pcie_ctl/src/include/pipe_defines.svh
/root/i_DWC_pcie_ctl/src/power_management/DWC_pcie_pm_pkg.svh
/root/i_DWC_pcie_ctl/src/Cdm/cdm_pkg.svh
/root/i_DWC_pcie_ctl/src/Adm/client_defs_pkg.svh
/root/i_DWC_pcie_ctl/src/Adm/radm_defs_pkg.svh
/root/i_DWC_pcie_ctl/src/Bridge/outbound/svif/DWC_pcie_bridge_ob_np_dcmp_tsq_mgr_if.svh
/root/i_DWC_pcie_ctl/src/Bridge/outbound/svif/DWC_pcie_bridge_ob_np_dcmp_tsq_pkti_if.svh
/root/i_DWC_pcie_ctl/src/Bridge/outbound/svif/DWC_pcie_bridge_ob_np_dcmp_tsq_pkto_if.svh
/root/i_DWC_pcie_ctl/src/Bridge/outbound/svif/DWC_pcie_bridge_ob_np_dcmp_tst_wtrls_if.svh
/root/i_DWC_pcie_ctl/src/Layer2/svif/xdlh_replay_timer_if.svh
/root/i_DWC_pcie_ctl/src/Layer2/svif/xdlh_replay_num_if.svh
/root/i_DWC_pcie_ctl/src/Layer2/svif/tx_lp_if.svh
/root/i_DWC_pcie_ctl/src/common/DW_sbc/DW_sbc.sv
/root/i_DWC_pcie_ctl/src/common/DW_sbc/DW_sbc_bound_init.sv
/root/i_DWC_pcie_ctl/src/common/delay_n_w_stalling.sv
/root/i_DWC_pcie_ctl/src/common/ram_latency_pipe.sv
/root/i_DWC_pcie_ctl/src/common/DWC_pcie_ctl_bcm41.sv
/root/i_DWC_pcie_ctl/src/common/DWC_pcie_ctl_bcm48_sv.sv
/root/i_DWC_pcie_ctl/src/common/DWC_pcie_ctl_bcmmod48.sv
/root/i_DWC_pcie_ctl/src/common/lcrc.sv
/root/i_DWC_pcie_ctl/src/common/lcrc_unit.sv
/root/i_DWC_pcie_ctl/src/common/lane_flip_mux.sv
/root/i_DWC_pcie_ctl/src/common/lane_flip.sv
/root/i_DWC_pcie_ctl/src/common/tb_lane_flip_mux.sv
/root/i_DWC_pcie_ctl/src/common/delay_n.sv
/root/i_DWC_pcie_ctl/src/common/delay_n_w_enable.sv
/root/i_DWC_pcie_ctl/src/common/lbc.sv
/root/i_DWC_pcie_ctl/src/common/DWC_pcie_ctl_bcm57.sv
/root/i_DWC_pcie_ctl/src/common/DWC_pcie_ctl_bcmmod57.sv
/root/i_DWC_pcie_ctl/src/common/DWC_pcie_ctl_bvm02.sv
/root/i_DWC_pcie_ctl/src/common/DWC_pcie_ctl_bcm21.sv
/root/i_DWC_pcie_ctl/src/common/DWC_pcie_ctl_bcm22.sv
/root/i_DWC_pcie_ctl/src/common/DWC_pcie_ctl_bcm64_td.sv
/root/i_DWC_pcie_ctl/src/common/DWC_pcie_ctl_bcm65_td.sv
/root/i_DWC_pcie_ctl/src/common/DWC_pcie_ctl_bcmmod65_init_td_mod.sv
/root/i_DWC_pcie_ctl/src/common/DWC_pcie_ctl_bcm86.sv
/root/i_DWC_pcie_ctl/src/common/DWC_pcie_ctl_bcmmod86.sv
/root/i_DWC_pcie_ctl/src/common/rxeidle_squelch.sv
/root/i_DWC_pcie_ctl/src/Layer1/rmlh.sv
/root/i_DWC_pcie_ctl/src/Layer1/smlh_link.sv
/root/i_DWC_pcie_ctl/src/Layer1/rmlh_deskew.sv
/root/i_DWC_pcie_ctl/src/Layer1/rmlh_deskew_slv.sv
/root/i_DWC_pcie_ctl/src/Layer1/smlh_seq_finder.sv
/root/i_DWC_pcie_ctl/src/Layer1/smlh_seq_finder_slv.sv
/root/i_DWC_pcie_ctl/src/Layer1/rmlh_byte_order.sv
/root/i_DWC_pcie_ctl/src/Layer1/smlh_eidle_infer.sv
/root/i_DWC_pcie_ctl/src/Layer1/scramble.sv
/root/i_DWC_pcie_ctl/src/Layer1/scramble_slv.sv
/root/i_DWC_pcie_ctl/src/Layer1/rmlh_pipe.sv
/root/i_DWC_pcie_ctl/src/Layer1/rmlh_pipe_squelch.sv
/root/i_DWC_pcie_ctl/src/Layer1/xmlh.sv
/root/i_DWC_pcie_ctl/src/Layer1/smlh.sv
/root/i_DWC_pcie_ctl/src/Layer1/smlh_ltssm.sv
/root/i_DWC_pcie_ctl/src/Layer1/xmlh_pipe.sv
/root/i_DWC_pcie_ctl/src/Layer1/xmlh_pat_gen.sv
/root/i_DWC_pcie_ctl/src/Layer1/xmlh_byte_xmt.sv
/root/i_DWC_pcie_ctl/src/Layer1/pipe_adapter.sv
/root/i_DWC_pcie_ctl/src/Layer1/pipe_loopback.sv
/root/i_DWC_pcie_ctl/src/Plh/rplh.sv
/root/i_DWC_pcie_ctl/src/Plh/rplh_token_finder1.sv
/root/i_DWC_pcie_ctl/src/Layer2/rdlh_link_cntrl.sv
/root/i_DWC_pcie_ctl/src/Layer2/rdlh_tlp_extract.sv
/root/i_DWC_pcie_ctl/src/Layer2/rdlh_dlp_extract.sv
/root/i_DWC_pcie_ctl/src/Layer2/rdlh.sv
/root/i_DWC_pcie_ctl/src/Layer2/xdlh_tracker.sv
/root/i_DWC_pcie_ctl/src/Layer2/xdlh_dllp_gen.sv
/root/i_DWC_pcie_ctl/src/Layer2/xdlh_retrybuf.sv
/root/i_DWC_pcie_ctl/src/Layer2/xdlh_detect_dllp.sv
/root/i_DWC_pcie_ctl/src/Layer2/xdlh_control_64b.sv
/root/i_DWC_pcie_ctl/src/Layer2/xdlh_tlp_gen_64b.sv
/root/i_DWC_pcie_ctl/src/Layer2/xdlh_64b.sv
/root/i_DWC_pcie_ctl/src/Layer2/xdlh_mux_demux.sv
/root/i_DWC_pcie_ctl/src/Layer2/xdlh_replay_timer.sv
/root/i_DWC_pcie_ctl/src/Layer2/xdlh_replay_num.sv
/root/i_DWC_pcie_ctl/src/Layer2/xdlh_common.sv
/root/i_DWC_pcie_ctl/src/Plh/xplh.sv
/root/i_DWC_pcie_ctl/src/Layer3/rtlh_fc_decode.sv
/root/i_DWC_pcie_ctl/src/Layer3/rtlh_fc_gen.sv
/root/i_DWC_pcie_ctl/src/Layer3/rtlh_fc_arb.sv
/root/i_DWC_pcie_ctl/src/Layer3/rtlh_tlp_ecrc.sv
/root/i_DWC_pcie_ctl/src/Layer3/rtlh_tlp_extract.sv
/root/i_DWC_pcie_ctl/src/Layer3/rtlh_tlp_check_slv.sv
/root/i_DWC_pcie_ctl/src/Layer3/rtlh_tlp_check.sv
/root/i_DWC_pcie_ctl/src/Layer3/rtlh_fc.sv
/root/i_DWC_pcie_ctl/src/Layer3/rtlh.sv
/root/i_DWC_pcie_ctl/src/Layer3/xtlh_tracker.sv
/root/i_DWC_pcie_ctl/src/Layer3/xtlh.sv
/root/i_DWC_pcie_ctl/src/Layer3/xtlh_ctrl.sv
/root/i_DWC_pcie_ctl/src/Adm/xadm_tracker.sv
/root/i_DWC_pcie_ctl/src/Adm/xadm_vc_fc.sv
/root/i_DWC_pcie_ctl/src/Adm/xadm_fc.sv
/root/i_DWC_pcie_ctl/src/Adm/xadm_arb.sv
/root/i_DWC_pcie_ctl/src/Adm/xadm_mux.sv
/root/i_DWC_pcie_ctl/src/Adm/xadm_hdr_form.sv
/root/i_DWC_pcie_ctl/src/Adm/xadm_out_formation.sv
/root/i_DWC_pcie_ctl/src/Adm/radm_order_mgr.sv
/root/i_DWC_pcie_ctl/src/Adm/radm_order_q.sv
/root/i_DWC_pcie_ctl/src/Adm/radm_crd_return.sv
/root/i_DWC_pcie_ctl/src/Adm/radm_inq_mgr.sv
/root/i_DWC_pcie_ctl/src/Adm/radm_outq_mgr.sv
/root/i_DWC_pcie_ctl/src/Adm/radm_outq_mgr_ctl.sv
/root/i_DWC_pcie_ctl/src/Adm/radm_q_seg_buf.sv
/root/i_DWC_pcie_ctl/src/Adm/radm_formation.sv
/root/i_DWC_pcie_ctl/src/Adm/radm_idle_detect.sv
/root/i_DWC_pcie_ctl/src/Adm/radm_clk_control.sv
/root/i_DWC_pcie_ctl/src/Adm/radm_filter_rc.sv
/root/i_DWC_pcie_ctl/src/Adm/radm_filter_ep.sv
/root/i_DWC_pcie_ctl/src/Adm/radm_cpl_lut.sv
/root/i_DWC_pcie_ctl/src/Adm/radm_cpl_filter.sv
/root/i_DWC_pcie_ctl/src/Adm/radm_cpl_lut_vec_extractor.sv
/root/i_DWC_pcie_ctl/src/Adm/radm_qformation.sv
/root/i_DWC_pcie_ctl/src/Adm/xadm.sv
/root/i_DWC_pcie_ctl/src/Adm/radm_dm.sv
/root/i_DWC_pcie_ctl/src/Adm/DWC_pcie_rst_ctl.sv
/root/i_DWC_pcie_ctl/src/Cdm/cdm_reg_decode.sv
/root/i_DWC_pcie_ctl/src/Cdm/cdm_bar_match.sv
/root/i_DWC_pcie_ctl/src/Cdm/cdm_cfg_reg.sv
/root/i_DWC_pcie_ctl/src/Cdm/cdm_ecfg_reg.sv
/root/i_DWC_pcie_ctl/src/Cdm/cdm_error_reg.sv
/root/i_DWC_pcie_ctl/src/Cdm/cdm_pm_reg.sv
/root/i_DWC_pcie_ctl/src/Cdm/cdm_msi_reg.sv
/root/i_DWC_pcie_ctl/src/Cdm/cdm_rbar_reg.sv
/root/i_DWC_pcie_ctl/src/Cdm/cdm_trgt_map.sv
/root/i_DWC_pcie_ctl/src/Cdm/cdm_pl_reg.sv
/root/i_DWC_pcie_ctl/src/Cdm/cdm_msg_req.sv
/root/i_DWC_pcie_ctl/src/Cdm/cdm_int_req.sv
/root/i_DWC_pcie_ctl/src/Cdm/msg_arbitration.sv
/root/i_DWC_pcie_ctl/src/Cdm/msg_formation.sv
/root/i_DWC_pcie_ctl/src/Cdm/msg_gen.sv
/root/i_DWC_pcie_ctl/src/power_management/pm_active_ctrl_aux_timer.sv
/root/i_DWC_pcie_ctl/src/power_management/pm_lane_flip_ctrl.sv
/root/i_DWC_pcie_ctl/src/power_management/pm_cfg.sv
/root/i_DWC_pcie_ctl/src/power_management/pm_cfg_pme.sv
/root/i_DWC_pcie_ctl/src/power_management/pm_wakeup.sv
/root/i_DWC_pcie_ctl/src/power_management/pm_flag.sv
/root/i_DWC_pcie_ctl/src/power_management/pme_ctrl.sv
/root/i_DWC_pcie_ctl/src/power_management/pm_active_flags.sv
/root/i_DWC_pcie_ctl/src/power_management/pm_timer.sv
/root/i_DWC_pcie_ctl/src/power_management/pm_active_timer.sv
/root/i_DWC_pcie_ctl/src/power_management/pm_active_ctrl.sv
/root/i_DWC_pcie_ctl/src/power_management/shadow_reg.sv
/root/i_DWC_pcie_ctl/src/power_management/phy_if_cpcie_shadow.sv
/root/i_DWC_pcie_ctl/src/power_management/phy_if_cpcie_mux.sv
/root/i_DWC_pcie_ctl/src/power_management/phy_if_cpcie.sv
/root/i_DWC_pcie_ctl/src/power_management/phy_mux.sv
/root/i_DWC_pcie_ctl/src/power_management/pm_ctrl.sv
/root/i_DWC_pcie_ctl/src/power_management/pm_shadow.sv
/root/i_DWC_pcie_ctl/src/power_management/pm_clk_control_fsm.sv
/root/i_DWC_pcie_ctl/src/power_management/pm_clk_control.sv
/root/i_DWC_pcie_ctl/src/power_management/pm_rst_control.sv
/root/i_DWC_pcie_ctl/src/power_management/DWC_pcie_pd_if.sv
/root/i_DWC_pcie_ctl/src/power_management/DWC_pcie_phystatus_fsm.sv
/root/i_DWC_pcie_ctl/src/power_management/DWC_pcie_phystatus_sync.sv
/root/i_DWC_pcie_ctl/src/power_management/DWC_pcie_phystatus_detect.sv
/root/i_DWC_pcie_ctl/src/power_management/DWC_pcie_phystatus_if.sv
/root/i_DWC_pcie_ctl/src/Cdm/hot_plug_ctrl.sv
/root/i_DWC_pcie_ctl/src/Cdm/cdm.sv
/root/i_DWC_pcie_ctl/src/timers/DWC_pcie_tim_gen.sv
/root/i_DWC_pcie_ctl/src/timers/DWC_pcie_symbol_timer.sv
/root/i_DWC_pcie_ctl/src/products/cx_pl.sv
/root/i_DWC_pcie_ctl/src/products/DWC_pcie_core.sv
/root/i_DWC_pcie_ctl/src/DWC_pcie_ctl.sv
/root/i_DWC_pcie_ctl/src/DWC_pcie_ctl-undef.v

